[0.565s] DEBUG:colcon:Command line arguments: ['/usr/bin/colcon', 'build', '--packages-select', 'mio_robot_description', 'mio_robot_moveit_config', '--symlink-install']
[0.566s] DEBUG:colcon:Parsed command line arguments: Namespace(log_base=None, log_level=None, verb_name='build', build_base='build', install_base='install', merge_install=False, symlink_install=True, test_result_base=None, continue_on_error=False, executor='parallel', parallel_workers=8, event_handlers=None, ignore_user_meta=False, metas=['./colcon.meta'], base_paths=['.'], packages_ignore=None, packages_ignore_regex=None, paths=None, packages_up_to=None, packages_up_to_regex=None, packages_above=None, packages_above_and_dependencies=None, packages_above_depth=None, packages_select_by_dep=None, packages_skip_by_dep=None, packages_skip_up_to=None, packages_select_build_failed=False, packages_skip_build_finished=False, packages_select_test_failures=False, packages_skip_test_passed=False, packages_select=['mio_robot_description', 'mio_robot_moveit_config'], packages_skip=None, packages_select_regex=None, packages_skip_regex=None, packages_start=None, packages_end=None, cmake_args=None, cmake_target=None, cmake_target_skip_unavailable=False, cmake_clean_cache=False, cmake_clean_first=False, cmake_force_configure=False, ament_cmake_args=None, catkin_cmake_args=None, catkin_skip_building_tests=False, mixin_files=None, mixin=None, verb_parser=<colcon_mixin.mixin.mixin_argument.MixinArgumentDecorator object at 0x763cc7dd0100>, verb_extension=<colcon_core.verb.build.BuildVerb object at 0x763cc7d9fb50>, main=<bound method BuildVerb.main of <colcon_core.verb.build.BuildVerb object at 0x763cc7d9fb50>>, mixin_verb=('build',))
[0.959s] Level 1:colcon.colcon_core.package_discovery:discover_packages(colcon_meta) check parameters
[0.961s] INFO:colcon.colcon_metadata.package_discovery.colcon_meta:Using configuration from '/root/.colcon/metadata/default/Gazebo.meta'
[0.962s] INFO:colcon.colcon_metadata.package_discovery.colcon_meta:Using configuration from '/root/.colcon/metadata/default/fastdds.meta'
[0.964s] INFO:colcon.colcon_metadata.package_discovery.colcon_meta:Using configuration from '/root/.colcon/metadata/default/fastrtps.meta'
[0.965s] Level 1:colcon.colcon_core.package_discovery:discover_packages(recursive) check parameters
[0.966s] Level 1:colcon.colcon_core.package_discovery:discover_packages(ignore) check parameters
[0.967s] Level 1:colcon.colcon_core.package_discovery:discover_packages(path) check parameters
[0.968s] Level 1:colcon.colcon_core.package_discovery:discover_packages(colcon_meta) discover
[0.968s] Level 1:colcon.colcon_core.package_discovery:discover_packages(recursive) discover
[0.969s] INFO:colcon.colcon_core.package_discovery:Crawling recursively for packages in '/root/workspace'
[0.971s] Level 1:colcon.colcon_core.package_identification:_identify(.) by extensions ['ignore', 'ignore_ament_install']
[0.972s] Level 1:colcon.colcon_core.package_identification:_identify(.) by extension 'ignore'
[0.973s] Level 1:colcon.colcon_core.package_identification:_identify(.) by extension 'ignore_ament_install'
[0.974s] Level 1:colcon.colcon_core.package_identification:_identify(.) by extensions ['colcon_pkg']
[0.974s] Level 1:colcon.colcon_core.package_identification:_identify(.) by extension 'colcon_pkg'
[0.975s] Level 1:colcon.colcon_core.package_identification:_identify(.) by extensions ['colcon_meta']
[0.976s] Level 1:colcon.colcon_core.package_identification:_identify(.) by extension 'colcon_meta'
[0.977s] Level 1:colcon.colcon_core.package_identification:_identify(.) by extensions ['ros']
[0.978s] Level 1:colcon.colcon_core.package_identification:_identify(.) by extension 'ros'
[1.006s] Level 1:colcon.colcon_core.package_identification:_identify(.) by extensions ['cmake', 'python']
[1.008s] Level 1:colcon.colcon_core.package_identification:_identify(.) by extension 'cmake'
[1.009s] Level 1:colcon.colcon_core.package_identification:_identify(.) by extension 'python'
[1.010s] Level 1:colcon.colcon_core.package_identification:_identify(.) by extensions ['python_setup_py']
[1.012s] Level 1:colcon.colcon_core.package_identification:_identify(.) by extension 'python_setup_py'
[1.017s] Level 1:colcon.colcon_core.package_identification:_identify(build) by extensions ['ignore', 'ignore_ament_install']
[1.018s] Level 1:colcon.colcon_core.package_identification:_identify(build) by extension 'ignore'
[1.021s] Level 1:colcon.colcon_core.package_identification:_identify(build) ignored
[1.028s] Level 1:colcon.colcon_core.package_identification:_identify(install) by extensions ['ignore', 'ignore_ament_install']
[1.029s] Level 1:colcon.colcon_core.package_identification:_identify(install) by extension 'ignore'
[1.032s] Level 1:colcon.colcon_core.package_identification:_identify(install) ignored
[1.039s] Level 1:colcon.colcon_core.package_identification:_identify(log) by extensions ['ignore', 'ignore_ament_install']
[1.040s] Level 1:colcon.colcon_core.package_identification:_identify(log) by extension 'ignore'
[1.042s] Level 1:colcon.colcon_core.package_identification:_identify(log) ignored
[1.045s] Level 1:colcon.colcon_core.package_identification:_identify(src) by extensions ['ignore', 'ignore_ament_install']
[1.046s] Level 1:colcon.colcon_core.package_identification:_identify(src) by extension 'ignore'
[1.048s] Level 1:colcon.colcon_core.package_identification:_identify(src) by extension 'ignore_ament_install'
[1.050s] Level 1:colcon.colcon_core.package_identification:_identify(src) by extensions ['colcon_pkg']
[1.050s] Level 1:colcon.colcon_core.package_identification:_identify(src) by extension 'colcon_pkg'
[1.052s] Level 1:colcon.colcon_core.package_identification:_identify(src) by extensions ['colcon_meta']
[1.052s] Level 1:colcon.colcon_core.package_identification:_identify(src) by extension 'colcon_meta'
[1.055s] Level 1:colcon.colcon_core.package_identification:_identify(src) by extensions ['ros']
[1.056s] Level 1:colcon.colcon_core.package_identification:_identify(src) by extension 'ros'
[1.062s] Level 1:colcon.colcon_core.package_identification:_identify(src) by extensions ['cmake', 'python']
[1.063s] Level 1:colcon.colcon_core.package_identification:_identify(src) by extension 'cmake'
[1.066s] Level 1:colcon.colcon_core.package_identification:_identify(src) by extension 'python'
[1.069s] Level 1:colcon.colcon_core.package_identification:_identify(src) by extensions ['python_setup_py']
[1.071s] Level 1:colcon.colcon_core.package_identification:_identify(src) by extension 'python_setup_py'
[1.080s] Level 1:colcon.colcon_core.package_identification:_identify(src/mio_robot_description) by extensions ['ignore', 'ignore_ament_install']
[1.081s] Level 1:colcon.colcon_core.package_identification:_identify(src/mio_robot_description) by extension 'ignore'
[1.083s] Level 1:colcon.colcon_core.package_identification:_identify(src/mio_robot_description) by extension 'ignore_ament_install'
[1.088s] Level 1:colcon.colcon_core.package_identification:_identify(src/mio_robot_description) by extensions ['colcon_pkg']
[1.089s] Level 1:colcon.colcon_core.package_identification:_identify(src/mio_robot_description) by extension 'colcon_pkg'
[1.092s] Level 1:colcon.colcon_core.package_identification:_identify(src/mio_robot_description) by extensions ['colcon_meta']
[1.093s] Level 1:colcon.colcon_core.package_identification:_identify(src/mio_robot_description) by extension 'colcon_meta'
[1.096s] Level 1:colcon.colcon_core.package_identification:_identify(src/mio_robot_description) by extensions ['ros']
[1.097s] Level 1:colcon.colcon_core.package_identification:_identify(src/mio_robot_description) by extension 'ros'
[1.118s] DEBUG:colcon.colcon_core.package_identification:Package 'src/mio_robot_description' with type 'ros.ament_python' and name 'mio_robot_description'
[1.126s] Level 1:colcon.colcon_core.package_identification:_identify(src/mio_robot_moveit_config) by extensions ['ignore', 'ignore_ament_install']
[1.127s] Level 1:colcon.colcon_core.package_identification:_identify(src/mio_robot_moveit_config) by extension 'ignore'
[1.129s] Level 1:colcon.colcon_core.package_identification:_identify(src/mio_robot_moveit_config) by extension 'ignore_ament_install'
[1.134s] Level 1:colcon.colcon_core.package_identification:_identify(src/mio_robot_moveit_config) by extensions ['colcon_pkg']
[1.135s] Level 1:colcon.colcon_core.package_identification:_identify(src/mio_robot_moveit_config) by extension 'colcon_pkg'
[1.138s] Level 1:colcon.colcon_core.package_identification:_identify(src/mio_robot_moveit_config) by extensions ['colcon_meta']
[1.139s] Level 1:colcon.colcon_core.package_identification:_identify(src/mio_robot_moveit_config) by extension 'colcon_meta'
[1.144s] Level 1:colcon.colcon_core.package_identification:_identify(src/mio_robot_moveit_config) by extensions ['ros']
[1.145s] Level 1:colcon.colcon_core.package_identification:_identify(src/mio_robot_moveit_config) by extension 'ros'
[1.166s] DEBUG:colcon.colcon_core.package_identification:Package 'src/mio_robot_moveit_config' with type 'ros.ament_cmake' and name 'mio_robot_moveit_config'
[1.167s] Level 1:colcon.colcon_core.package_discovery:discover_packages(recursive) using defaults
[1.168s] Level 1:colcon.colcon_core.package_discovery:discover_packages(ignore) discover
[1.168s] Level 1:colcon.colcon_core.package_discovery:discover_packages(ignore) using defaults
[1.169s] Level 1:colcon.colcon_core.package_discovery:discover_packages(path) discover
[1.169s] Level 1:colcon.colcon_core.package_discovery:discover_packages(path) using defaults
[1.289s] Level 5:colcon.colcon_core.verb:set package 'mio_robot_description' build argument 'cmake_args' from command line to 'None'
[1.290s] Level 5:colcon.colcon_core.verb:set package 'mio_robot_description' build argument 'cmake_target' from command line to 'None'
[1.291s] Level 5:colcon.colcon_core.verb:set package 'mio_robot_description' build argument 'cmake_target_skip_unavailable' from command line to 'False'
[1.292s] Level 5:colcon.colcon_core.verb:set package 'mio_robot_description' build argument 'cmake_clean_cache' from command line to 'False'
[1.293s] Level 5:colcon.colcon_core.verb:set package 'mio_robot_description' build argument 'cmake_clean_first' from command line to 'False'
[1.294s] Level 5:colcon.colcon_core.verb:set package 'mio_robot_description' build argument 'cmake_force_configure' from command line to 'False'
[1.294s] Level 5:colcon.colcon_core.verb:set package 'mio_robot_description' build argument 'ament_cmake_args' from command line to 'None'
[1.295s] Level 5:colcon.colcon_core.verb:set package 'mio_robot_description' build argument 'catkin_cmake_args' from command line to 'None'
[1.295s] Level 5:colcon.colcon_core.verb:set package 'mio_robot_description' build argument 'catkin_skip_building_tests' from command line to 'False'
[1.296s] DEBUG:colcon.colcon_core.verb:Building package 'mio_robot_description' with the following arguments: {'ament_cmake_args': None, 'build_base': '/root/workspace/build/mio_robot_description', 'catkin_cmake_args': None, 'catkin_skip_building_tests': False, 'cmake_args': None, 'cmake_clean_cache': False, 'cmake_clean_first': False, 'cmake_force_configure': False, 'cmake_target': None, 'cmake_target_skip_unavailable': False, 'install_base': '/root/workspace/install/mio_robot_description', 'merge_install': False, 'path': '/root/workspace/src/mio_robot_description', 'symlink_install': True, 'test_result_base': None}
[1.297s] Level 5:colcon.colcon_core.verb:set package 'mio_robot_moveit_config' build argument 'cmake_args' from command line to 'None'
[1.297s] Level 5:colcon.colcon_core.verb:set package 'mio_robot_moveit_config' build argument 'cmake_target' from command line to 'None'
[1.298s] Level 5:colcon.colcon_core.verb:set package 'mio_robot_moveit_config' build argument 'cmake_target_skip_unavailable' from command line to 'False'
[1.298s] Level 5:colcon.colcon_core.verb:set package 'mio_robot_moveit_config' build argument 'cmake_clean_cache' from command line to 'False'
[1.299s] Level 5:colcon.colcon_core.verb:set package 'mio_robot_moveit_config' build argument 'cmake_clean_first' from command line to 'False'
[1.300s] Level 5:colcon.colcon_core.verb:set package 'mio_robot_moveit_config' build argument 'cmake_force_configure' from command line to 'False'
[1.301s] Level 5:colcon.colcon_core.verb:set package 'mio_robot_moveit_config' build argument 'ament_cmake_args' from command line to 'None'
[1.302s] Level 5:colcon.colcon_core.verb:set package 'mio_robot_moveit_config' build argument 'catkin_cmake_args' from command line to 'None'
[1.303s] Level 5:colcon.colcon_core.verb:set package 'mio_robot_moveit_config' build argument 'catkin_skip_building_tests' from command line to 'False'
[1.303s] DEBUG:colcon.colcon_core.verb:Building package 'mio_robot_moveit_config' with the following arguments: {'ament_cmake_args': None, 'build_base': '/root/workspace/build/mio_robot_moveit_config', 'catkin_cmake_args': None, 'catkin_skip_building_tests': False, 'cmake_args': None, 'cmake_clean_cache': False, 'cmake_clean_first': False, 'cmake_force_configure': False, 'cmake_target': None, 'cmake_target_skip_unavailable': False, 'install_base': '/root/workspace/install/mio_robot_moveit_config', 'merge_install': False, 'path': '/root/workspace/src/mio_robot_moveit_config', 'symlink_install': True, 'test_result_base': None}
[1.305s] INFO:colcon.colcon_core.executor:Executing jobs using 'parallel' executor
[1.307s] DEBUG:colcon.colcon_parallel_executor.executor.parallel:run_until_complete
[1.309s] INFO:colcon.colcon_ros.task.ament_python.build:Building ROS package in '/root/workspace/src/mio_robot_description' with build type 'ament_python'
[1.310s] Level 1:colcon.colcon_core.shell:create_environment_hook('mio_robot_description', 'ament_prefix_path')
[1.327s] INFO:colcon.colcon_core.plugin_system:Skipping extension 'colcon_core.shell.bat': Not used on non-Windows systems
[1.328s] INFO:colcon.colcon_core.shell:Creating environment hook '/root/workspace/install/mio_robot_description/share/mio_robot_description/hook/ament_prefix_path.ps1'
[1.348s] INFO:colcon.colcon_core.shell:Creating environment descriptor '/root/workspace/install/mio_robot_description/share/mio_robot_description/hook/ament_prefix_path.dsv'
[1.366s] INFO:colcon.colcon_core.shell:Creating environment hook '/root/workspace/install/mio_robot_description/share/mio_robot_description/hook/ament_prefix_path.sh'
[1.384s] INFO:colcon.colcon_core.shell:Skip shell extension 'powershell' for command environment: Not usable outside of PowerShell
[1.385s] DEBUG:colcon.colcon_core.shell:Skip shell extension 'dsv' for command environment
[2.575s] INFO:colcon.colcon_core.task.python.build:Building Python package in '/root/workspace/src/mio_robot_description'
[2.577s] INFO:colcon.colcon_core.shell:Skip shell extension 'powershell' for command environment: Not usable outside of PowerShell
[2.578s] DEBUG:colcon.colcon_core.shell:Skip shell extension 'dsv' for command environment
[4.725s] DEBUG:colcon.colcon_core.event_handler.log_command:Invoking command in '/root/workspace/build/mio_robot_description': PYTHONPATH=/root/workspace/build/mio_robot_description/prefix_override:/usr/lib/python3/dist-packages/colcon_core/task/python/colcon_distutils_commands:/root/workspace/install/mio_robot_description/lib/python3.10/site-packages:${PYTHONPATH} /usr/bin/python3 -W ignore:setup.py install is deprecated -W ignore:easy_install command is deprecated setup.py develop --editable --build-directory /root/workspace/build/mio_robot_description/build --no-deps symlink_data
[7.090s] Level 1:colcon.colcon_core.shell:create_environment_hook('mio_robot_description', 'pythonpath_develop')
[7.092s] INFO:colcon.colcon_core.shell:Creating environment hook '/root/workspace/build/mio_robot_description/share/mio_robot_description/hook/pythonpath_develop.ps1'
[7.094s] DEBUG:colcon.colcon_core.event_handler.log_command:Invoked command in '/root/workspace/build/mio_robot_description' returned '0': PYTHONPATH=/root/workspace/build/mio_robot_description/prefix_override:/usr/lib/python3/dist-packages/colcon_core/task/python/colcon_distutils_commands:/root/workspace/install/mio_robot_description/lib/python3.10/site-packages:${PYTHONPATH} /usr/bin/python3 -W ignore:setup.py install is deprecated -W ignore:easy_install command is deprecated setup.py develop --editable --build-directory /root/workspace/build/mio_robot_description/build --no-deps symlink_data
[7.118s] INFO:colcon.colcon_core.shell:Creating environment descriptor '/root/workspace/build/mio_robot_description/share/mio_robot_description/hook/pythonpath_develop.dsv'
[7.133s] INFO:colcon.colcon_core.shell:Creating environment hook '/root/workspace/build/mio_robot_description/share/mio_robot_description/hook/pythonpath_develop.sh'
[7.161s] Level 1:colcon.colcon_core.environment:checking '/root/workspace/install/mio_robot_description' for CMake module files
[7.232s] Level 1:colcon.colcon_core.environment:checking '/root/workspace/install/mio_robot_description' for CMake config files
[7.337s] Level 1:colcon.colcon_core.environment:checking '/root/workspace/install/mio_robot_description/lib'
[7.342s] Level 1:colcon.colcon_core.environment:checking '/root/workspace/install/mio_robot_description/bin'
[7.344s] Level 1:colcon.colcon_core.environment:checking '/root/workspace/install/mio_robot_description/lib/pkgconfig/mio_robot_description.pc'
[7.347s] Level 1:colcon.colcon_core.environment:checking '/root/workspace/install/mio_robot_description/lib/python3.10/site-packages'
[7.350s] Level 1:colcon.colcon_core.shell:create_environment_hook('mio_robot_description', 'pythonpath')
[7.351s] INFO:colcon.colcon_core.shell:Creating environment hook '/root/workspace/install/mio_robot_description/share/mio_robot_description/hook/pythonpath.ps1'
[7.368s] INFO:colcon.colcon_core.shell:Creating environment descriptor '/root/workspace/install/mio_robot_description/share/mio_robot_description/hook/pythonpath.dsv'
[7.385s] INFO:colcon.colcon_core.shell:Creating environment hook '/root/workspace/install/mio_robot_description/share/mio_robot_description/hook/pythonpath.sh'
[7.406s] Level 1:colcon.colcon_core.environment:checking '/root/workspace/install/mio_robot_description/bin'
[7.409s] Level 1:colcon.colcon_core.environment:create_environment_scripts_only(mio_robot_description)
[7.410s] INFO:colcon.colcon_core.shell:Creating package script '/root/workspace/install/mio_robot_description/share/mio_robot_description/package.ps1'
[7.432s] INFO:colcon.colcon_core.shell:Creating package descriptor '/root/workspace/install/mio_robot_description/share/mio_robot_description/package.dsv'
[7.448s] INFO:colcon.colcon_core.shell:Creating package script '/root/workspace/install/mio_robot_description/share/mio_robot_description/package.sh'
[7.463s] INFO:colcon.colcon_core.shell:Creating package script '/root/workspace/install/mio_robot_description/share/mio_robot_description/package.bash'
[7.478s] INFO:colcon.colcon_core.shell:Creating package script '/root/workspace/install/mio_robot_description/share/mio_robot_description/package.zsh'
[7.494s] Level 1:colcon.colcon_core.environment:create_file_with_runtime_dependencies(/root/workspace/install/mio_robot_description/share/colcon-core/packages/mio_robot_description)
[7.507s] INFO:colcon.colcon_ros.task.ament_cmake.build:Building ROS package in '/root/workspace/src/mio_robot_moveit_config' with build type 'ament_cmake'
[7.508s] INFO:colcon.colcon_cmake.task.cmake.build:Building CMake package in '/root/workspace/src/mio_robot_moveit_config'
[7.509s] INFO:colcon.colcon_core.shell:Skip shell extension 'powershell' for command environment: Not usable outside of PowerShell
[7.510s] DEBUG:colcon.colcon_core.shell:Skip shell extension 'dsv' for command environment
[7.749s] DEBUG:colcon.colcon_core.event_handler.log_command:Invoking command in '/root/workspace/build/mio_robot_moveit_config': AMENT_PREFIX_PATH=/root/workspace/install/mio_robot_description:/root/workspace/install/mio_robot_moveit_config:/opt/ros/humble CMAKE_PREFIX_PATH=${CMAKE_PREFIX_PATH}:/root/workspace/install/mio_robot_description:/opt/ros/humble /usr/bin/cmake --build /root/workspace/build/mio_robot_moveit_config -- -j8 -l8
[7.905s] DEBUG:colcon.colcon_core.event_handler.log_command:Invoked command in '/root/workspace/build/mio_robot_moveit_config' returned '0': AMENT_PREFIX_PATH=/root/workspace/install/mio_robot_description:/root/workspace/install/mio_robot_moveit_config:/opt/ros/humble CMAKE_PREFIX_PATH=${CMAKE_PREFIX_PATH}:/root/workspace/install/mio_robot_description:/opt/ros/humble /usr/bin/cmake --build /root/workspace/build/mio_robot_moveit_config -- -j8 -l8
[7.951s] DEBUG:colcon.colcon_core.event_handler.log_command:Invoking command in '/root/workspace/build/mio_robot_moveit_config': AMENT_PREFIX_PATH=/root/workspace/install/mio_robot_description:/root/workspace/install/mio_robot_moveit_config:/opt/ros/humble CMAKE_PREFIX_PATH=${CMAKE_PREFIX_PATH}:/root/workspace/install/mio_robot_description:/opt/ros/humble /usr/bin/cmake --install /root/workspace/build/mio_robot_moveit_config
[9.203s] Level 1:colcon.colcon_core.environment:create_environment_scripts_only(mio_robot_moveit_config)
[9.205s] Level 1:colcon.colcon_core.environment:checking '/root/workspace/install/mio_robot_moveit_config' for CMake module files
[9.206s] DEBUG:colcon.colcon_core.event_handler.log_command:Invoked command in '/root/workspace/build/mio_robot_moveit_config' returned '0': AMENT_PREFIX_PATH=/root/workspace/install/mio_robot_description:/root/workspace/install/mio_robot_moveit_config:/opt/ros/humble CMAKE_PREFIX_PATH=${CMAKE_PREFIX_PATH}:/root/workspace/install/mio_robot_description:/opt/ros/humble /usr/bin/cmake --install /root/workspace/build/mio_robot_moveit_config
[9.346s] Level 1:colcon.colcon_core.environment:checking '/root/workspace/install/mio_robot_moveit_config' for CMake config files
[9.460s] Level 1:colcon.colcon_core.shell:create_environment_hook('mio_robot_moveit_config', 'cmake_prefix_path')
[9.461s] INFO:colcon.colcon_core.shell:Creating environment hook '/root/workspace/install/mio_robot_moveit_config/share/mio_robot_moveit_config/hook/cmake_prefix_path.ps1'
[9.478s] INFO:colcon.colcon_core.shell:Creating environment descriptor '/root/workspace/install/mio_robot_moveit_config/share/mio_robot_moveit_config/hook/cmake_prefix_path.dsv'
[9.499s] INFO:colcon.colcon_core.shell:Creating environment hook '/root/workspace/install/mio_robot_moveit_config/share/mio_robot_moveit_config/hook/cmake_prefix_path.sh'
[9.522s] Level 1:colcon.colcon_core.environment:checking '/root/workspace/install/mio_robot_moveit_config/bin'
[9.524s] Level 1:colcon.colcon_core.environment:checking '/root/workspace/install/mio_robot_moveit_config/lib/pkgconfig/mio_robot_moveit_config.pc'
[9.526s] Level 1:colcon.colcon_core.environment:checking '/root/workspace/install/mio_robot_moveit_config/lib/python3.10/site-packages'
[9.529s] Level 1:colcon.colcon_core.environment:checking '/root/workspace/install/mio_robot_moveit_config/bin'
[9.532s] INFO:colcon.colcon_core.shell:Creating package script '/root/workspace/install/mio_robot_moveit_config/share/mio_robot_moveit_config/package.ps1'
[9.554s] INFO:colcon.colcon_core.shell:Creating package descriptor '/root/workspace/install/mio_robot_moveit_config/share/mio_robot_moveit_config/package.dsv'
[9.571s] INFO:colcon.colcon_core.shell:Creating package script '/root/workspace/install/mio_robot_moveit_config/share/mio_robot_moveit_config/package.sh'
[9.587s] INFO:colcon.colcon_core.shell:Creating package script '/root/workspace/install/mio_robot_moveit_config/share/mio_robot_moveit_config/package.bash'
[9.603s] INFO:colcon.colcon_core.shell:Creating package script '/root/workspace/install/mio_robot_moveit_config/share/mio_robot_moveit_config/package.zsh'
[9.623s] Level 1:colcon.colcon_core.environment:create_file_with_runtime_dependencies(/root/workspace/install/mio_robot_moveit_config/share/colcon-core/packages/mio_robot_moveit_config)
[9.657s] Level 1:colcon.colcon_core.environment:create_environment_scripts_only(mio_robot_moveit_config)
[9.658s] Level 1:colcon.colcon_core.environment:checking '/root/workspace/install/mio_robot_moveit_config' for CMake module files
[9.801s] Level 1:colcon.colcon_core.environment:checking '/root/workspace/install/mio_robot_moveit_config' for CMake config files
[9.929s] Level 1:colcon.colcon_core.shell:create_environment_hook('mio_robot_moveit_config', 'cmake_prefix_path')
[9.930s] INFO:colcon.colcon_core.shell:Creating environment hook '/root/workspace/install/mio_robot_moveit_config/share/mio_robot_moveit_config/hook/cmake_prefix_path.ps1'
[9.948s] INFO:colcon.colcon_core.shell:Creating environment descriptor '/root/workspace/install/mio_robot_moveit_config/share/mio_robot_moveit_config/hook/cmake_prefix_path.dsv'
[9.964s] INFO:colcon.colcon_core.shell:Creating environment hook '/root/workspace/install/mio_robot_moveit_config/share/mio_robot_moveit_config/hook/cmake_prefix_path.sh'
[9.986s] Level 1:colcon.colcon_core.environment:checking '/root/workspace/install/mio_robot_moveit_config/bin'
[9.988s] Level 1:colcon.colcon_core.environment:checking '/root/workspace/install/mio_robot_moveit_config/lib/pkgconfig/mio_robot_moveit_config.pc'
[9.990s] Level 1:colcon.colcon_core.environment:checking '/root/workspace/install/mio_robot_moveit_config/lib/python3.10/site-packages'
[9.992s] Level 1:colcon.colcon_core.environment:checking '/root/workspace/install/mio_robot_moveit_config/bin'
[9.994s] INFO:colcon.colcon_core.shell:Creating package script '/root/workspace/install/mio_robot_moveit_config/share/mio_robot_moveit_config/package.ps1'
[10.009s] INFO:colcon.colcon_core.shell:Creating package descriptor '/root/workspace/install/mio_robot_moveit_config/share/mio_robot_moveit_config/package.dsv'
[10.031s] INFO:colcon.colcon_core.shell:Creating package script '/root/workspace/install/mio_robot_moveit_config/share/mio_robot_moveit_config/package.sh'
[10.058s] INFO:colcon.colcon_core.shell:Creating package script '/root/workspace/install/mio_robot_moveit_config/share/mio_robot_moveit_config/package.bash'
[10.083s] INFO:colcon.colcon_core.shell:Creating package script '/root/workspace/install/mio_robot_moveit_config/share/mio_robot_moveit_config/package.zsh'
[10.110s] Level 1:colcon.colcon_core.environment:create_file_with_runtime_dependencies(/root/workspace/install/mio_robot_moveit_config/share/colcon-core/packages/mio_robot_moveit_config)
[10.129s] DEBUG:colcon.colcon_parallel_executor.executor.parallel:closing loop
[10.131s] DEBUG:colcon.colcon_parallel_executor.executor.parallel:loop closed
[10.132s] DEBUG:colcon.colcon_parallel_executor.executor.parallel:run_until_complete finished with '0'
[10.133s] DEBUG:colcon.colcon_core.event_reactor:joining thread
[10.197s] INFO:colcon.colcon_core.plugin_system:Skipping extension 'colcon_notification.desktop_notification.notify_send': Could not find 'notify-send'
[10.198s] INFO:colcon.colcon_core.plugin_system:Skipping extension 'colcon_notification.desktop_notification.terminal_notifier': Not used on non-Darwin systems
[10.199s] INFO:colcon.colcon_core.plugin_system:Skipping extension 'colcon_notification.desktop_notification.win32': Not used on non-Windows systems
[10.200s] INFO:colcon.colcon_notification.desktop_notification:Sending desktop notification using 'notify2'
[10.205s] DEBUG:colcon.colcon_notification.desktop_notification.notify2:Failed to initialize notify2: org.freedesktop.DBus.Error.Spawn.ExecFailed: /usr/bin/dbus-launch terminated abnormally without any error message
[10.206s] DEBUG:colcon.colcon_core.event_reactor:joined thread
[10.208s] INFO:colcon.colcon_core.shell:Creating prefix script '/root/workspace/install/local_setup.ps1'
[10.218s] INFO:colcon.colcon_core.shell:Creating prefix util module '/root/workspace/install/_local_setup_util_ps1.py'
[10.231s] INFO:colcon.colcon_core.shell:Creating prefix chain script '/root/workspace/install/setup.ps1'
[10.266s] INFO:colcon.colcon_core.shell:Creating prefix script '/root/workspace/install/local_setup.sh'
[10.277s] INFO:colcon.colcon_core.shell:Creating prefix util module '/root/workspace/install/_local_setup_util_sh.py'
[10.286s] INFO:colcon.colcon_core.shell:Creating prefix chain script '/root/workspace/install/setup.sh'
[10.321s] INFO:colcon.colcon_core.shell:Creating prefix script '/root/workspace/install/local_setup.bash'
[10.330s] INFO:colcon.colcon_core.shell:Creating prefix chain script '/root/workspace/install/setup.bash'
[10.365s] INFO:colcon.colcon_core.shell:Creating prefix script '/root/workspace/install/local_setup.zsh'
[10.374s] INFO:colcon.colcon_core.shell:Creating prefix chain script '/root/workspace/install/setup.zsh'
